// Jest Snapshot v1, https://goo.gl/fbAQLP

exports[`should render an expense with givend data 1`] = `
<div>
  <li>
    <Link
      replace={false}
      to="/edit/2"
    >
      <h3>
        Rent
      </h3>
    </Link>
    <p>
      Amount: 
      $1,095.00
    </p>
    <p>
      Created At: 
      December 28th, 1969
    </p>
  </li>
</div>
`;
